<?xml version="1.0" encoding="UTF-8"?>
<TestRun id="d202b2db-9464-4165-96f9-b140be11b3b1" name="trev@FETA 2011-07-02 20:06:20" runUser="FETA\trev" xmlns="http://microsoft.com/schemas/VisualStudio/TeamTest/2010">
  <TestSettings name="Local" id="8bedddba-33ee-432a-b41b-9b674dfa1c65">
    <Description>These are default test settings for a local test run.</Description>
    <Deployment userDeploymentRoot="D:\trev\Dev\dev4good\CharityPortal\TestResults" useDefaultDeploymentRoot="false" enabled="false" runDeploymentRoot="trev_FETA 2011-07-02 20_06_20">
      <DeploymentItem filename="D:\trev\Dev\dev4good\CharityPortal\CharityPortal.Data\bin\Debug\CharityPortal.Data.dll" />
    </Deployment>
    <Execution>
      <TestTypeSpecific />
      <AgentRule name="Execution Agents">
      </AgentRule>
    </Execution>
  </TestSettings>
  <Times creation="2011-07-02T20:06:20.2096201+01:00" queuing="2011-07-02T20:06:20.2556227+01:00" start="2011-07-02T20:06:20.2636231+01:00" finish="2011-07-02T20:06:20.9346615+01:00" />
  <ResultSummary outcome="Failed">
    <Counters total="1" executed="1" error="0" failed="1" timeout="0" aborted="0" inconclusive="0" passedButRunAborted="0" notRunnable="0" notExecuted="0" disconnected="0" warning="0" passed="0" completed="0" inProgress="0" pending="0" />
  </ResultSummary>
  <TestDefinitions>
    <UnitTest name="PopulateTags" storage="d:\trev\dev\dev4good\charityportal\charityportal.testdata\bin\debug\charityportal.testdata.dll" id="4166881a-df80-eea0-950d-3d0ec29af059">
      <Execution id="a49c11a6-5347-4f38-9d1c-91cdbae0b782" />
      <TestMethod codeBase="D:/trev/Dev/dev4good/CharityPortal/CharityPortal.TestData/bin/Debug/CharityPortal.TestData.DLL" adapterTypeName="Microsoft.VisualStudio.TestTools.TestTypes.Unit.UnitTestAdapter, Microsoft.VisualStudio.QualityTools.Tips.UnitTest.Adapter, Version=10.0.0.0, Culture=neutral, PublicKeyToken=b03f5f7f11d50a3a" className="CharityPortal.DataPopulation.DataPopulation, CharityPortal.TestData, Version=1.0.0.0, Culture=neutral, PublicKeyToken=null" name="PopulateTags" />
      <DataSource connectionString="Driver={Microsoft Excel Driver (*.xls)};DriverId=790;Dbq=dev4good_charityportal_testdata.xls;DefaultDir=." providerInvariantName="System.Data.Odbc" tableName="Tag$" />
    </UnitTest>
  </TestDefinitions>
  <TestLists>
    <TestList name="Results Not in a List" id="8c84fa94-04c1-424b-9868-57a2d4851a1d" />
    <TestList name="All Loaded Results" id="19431567-8539-422a-85d7-44ee4e166bda" />
  </TestLists>
  <TestEntries>
    <TestEntry testId="4166881a-df80-eea0-950d-3d0ec29af059" executionId="a49c11a6-5347-4f38-9d1c-91cdbae0b782" testListId="8c84fa94-04c1-424b-9868-57a2d4851a1d" />
  </TestEntries>
  <Results>
    <UnitTestResult executionId="a49c11a6-5347-4f38-9d1c-91cdbae0b782" testId="4166881a-df80-eea0-950d-3d0ec29af059" testName="PopulateTags" computerName="FETA" startTime="2011-07-02T20:06:20.2726237+01:00" endTime="2011-07-02T20:06:20.8656576+01:00" testType="13cdc9d9-ddb5-4fa4-a97d-d965ccfc6d4b" outcome="Failed" testListId="8c84fa94-04c1-424b-9868-57a2d4851a1d" relativeResultsDirectory="a49c11a6-5347-4f38-9d1c-91cdbae0b782" resultType="DataDrivenTest">
      <Output>
        <ErrorInfo>
          <Message>The unit test adapter failed to connect to the data source or to read the data. For more information on troubleshooting this error, see "Troubleshooting Data-Driven Unit Tests" (http://go.microsoft.com/fwlink/?LinkId=62412) in the MSDN Library.
Error details: ERROR [42S02] [Microsoft][ODBC Excel Driver] The Microsoft Jet database engine could not find the object 'Tag$'.  Make sure the object exists and that you spell its name and the path name correctly.</Message>
        </ErrorInfo>
      </Output>
    </UnitTestResult>
  </Results>
</TestRun>